<html>
<body>
<pre>
<h1>µVision Build Log</h1>
<h2>Tool Versions:</h2>
IDE-Version: µVision V5.28.0.0
Copyright (C) 2019 ARM Ltd and ARM Germany GmbH. All rights reserved.
License Information: Yakov Churinov, Home, LIC=8MZ8T-RY9CQ-AUY4J-U2UKV-WVZY0-XQ1N5
 
Tool Versions:
Toolchain:       MDK-ARM Professional  Version: 5.28.0.0
Toolchain Path:  D:\Program Files (x86)\Keil\ARM\ARMCC\Bin
C Compiler:      Armcc.exe V5.06 update 6 (build 750)
Assembler:       Armasm.exe V5.06 update 6 (build 750)
Linker/Locator:  ArmLink.exe V5.06 update 6 (build 750)
Library Manager: ArmAr.exe V5.06 update 6 (build 750)
Hex Converter:   FromElf.exe V5.06 update 6 (build 750)
CPU DLL:         SARMCM3.DLL V5.28.0.0
Dialog DLL:      DCM.DLL V1.17.3.0
Target DLL:      Segger\JL2CM3.dll V2.99.36.0
Dialog DLL:      TCM.DLL V1.36.2.0
 
<h2>Project:</h2>
C:\Dropbox\LoggerStreinGauge\Firmware\LoggerN\Logger.uvprojx
Project File Date:  08/29/2019

<h2>Output:</h2>
*** Using Compiler 'V5.06 update 6 (build 750)', folder: 'D:\Program Files (x86)\Keil\ARM\ARMCC\Bin'
Build target 'Target 1'
compiling main.c...
linking...
Program Size: Code=8424 RO-data=572 RW-data=168 ZI-data=1472  
FromELF: creating hex file...
".\Objects\Logger.axf" - 0 Error(s), 0 Warning(s).

<h2>Software Packages used:</h2>

Package Vendor: ARM
                http://www.keil.com/pack/ARM.CMSIS.5.6.0.pack
                ARM.CMSIS.5.6.0
                CMSIS (Cortex Microcontroller Software Interface Standard)
   * Component: CORE Version: 5.3.0

Package Vendor: AnalogDevices
                http://download.analog.com/tools/EZBoards/CM36x/Releases/AnalogDevices.ADuCM36x_DFP.1.0.4.pack
                AnalogDevices.ADuCM36x_DFP.1.0.4
                Analog Devices ADuCM36x Device Support and Examples
   * Component: Startup Version: 1.0.0

<h2>Collection of Component include folders:</h2>
  .\RTE\_Target_1
  D:\Program Files (x86)\Keil\ARM\ARM\CMSIS\5.6.0\CMSIS\Core\Include
  D:\Program Files (x86)\Keil\ARM\AnalogDevices\ADuCM36x_DFP\1.0.4\Device\Include

<h2>Collection of Component Files used:</h2>

   * Component: ARM::CMSIS:CORE:5.3.0

   * Component: AnalogDevices::Device:Startup:1.0.0
      Source file:   Device\Source\system_ADuCM360.c
      Source file:   Device\Source\ARM\startup_ADuCM360.s
Build Time Elapsed:  00:00:01
</pre>
</body>
</html>
